discovered artifacts: 398
  [40/398] profiled 38
    ! cesar-andress/caliper.: HTTPError
    ! Jannis-David/h-MRIP-hybrid-nsga2: HTTPError
    ! phheim/issy.: HTTPError
    ! columbia/bigbird.: HTTPError
  [80/398] profiled 74
    ! cinthyaleonor/bg-ada-zen: HTTPError
  [100/398] profiled 92
  [120/398] profiled 112
  [140/398] profiled 130
    ! WRainTGS/AEHDO-DSC-For-Telescope-Pointing: HTTPError
  [160/398] profiled 149
    ! cucapra/calyx-resource-eval.: HTTPError
  [180/398] profiled 167
    ! CathrinePaulsen/marco-repro: HTTPError
    ! dgalan7/minif.: HTTPError
  [200/398] profiled 185
    ! gonzalohernandez/nocq.: HTTPError
  [220/398] profiled 204
  [240/398] profiled 224
    ! user-attachments/assets: HTTPError
  [260/398] profiled 243
  [280/398] profiled 263
  [300/398] profiled 283
  [320/398] profiled 303
  [360/398] profiled 342
    ! genijalac11/CRYSTAL23-scripts-collection: HTTPError
    ! apps/renovate: HTTPError
    ! Tanvir-Mahmud-Mahim/Process-induced-compressive-strain-with-a-van-der-Waals-ferroelectric-gate-in-a-single-device.: HTTPError

====================================================================
PREVALENCE OF BROKEN README CLAIMS IN RESEARCH ARTIFACTS
====================================================================
  artifacts profiled                 : 376
  with checkable path claims         : 343
  WITH >=1 BROKEN CLAIM              : 224 (65.3%)
  total claims checked               : 4261
  total broken                       : 829 (19.5%)
  median broken-claim ratio          : 0.125

  Infrastructure present:
    dependency manifest       253/376  (67%)
    container definition      102/376  (27%)
    CI configuration          165/376  (44%)
    tests                     139/376  (37%)
    licence                   330/376  (88%)

  READMEs disclosing their own badge  : 208/376 (55%)

  DECAY HYPOTHESIS (do older artifacts have more broken claims?)
    recently pushed  (n=171, median 0d old): 0.274
    least recent     (n=172, median 33d old): 0.219
    -> DOES NOT SUPPORT the decay hypothesis
====================================================================
-> results/prevalence.json
