discovered artifacts: 769
  [40/769] profiled 38
    ! cesar-andress/caliper.: HTTPError
    ! Jannis-David/h-MRIP-hybrid-nsga2: HTTPError
    ! phheim/issy.: HTTPError
    ! columbia/bigbird.: HTTPError
  [80/769] profiled 74
    ! cinthyaleonor/bg-ada-zen: HTTPError
  [100/769] profiled 92
  [120/769] profiled 112
  [140/769] profiled 130
    ! WRainTGS/AEHDO-DSC-For-Telescope-Pointing: HTTPError
  [160/769] profiled 149
    ! cucapra/calyx-resource-eval.: HTTPError
  [180/769] profiled 167
    ! CathrinePaulsen/marco-repro: HTTPError
    ! dgalan7/minif.: HTTPError
  [200/769] profiled 185
    ! gonzalohernandez/nocq.: HTTPError
  [220/769] profiled 204
  [240/769] profiled 224
    ! user-attachments/assets: HTTPError
  [260/769] profiled 243
  [280/769] profiled 263
  [300/769] profiled 283
  [320/769] profiled 303
  [360/769] profiled 342
    ! genijalac11/CRYSTAL23-scripts-collection: HTTPError
    ! apps/renovate: HTTPError
    ! Tanvir-Mahmud-Mahim/Process-induced-compressive-strain-with-a-van-der-Waals-ferroelectric-gate-in-a-single-device.: HTTPError
  [400/769] profiled 378
    ! mathandley/POPL-20-ARTIFACT: HTTPError
  [460/769] profiled 436
  [480/769] profiled 456
  [500/769] profiled 474
  [520/769] profiled 494
  [540/769] profiled 514
    ! features/actions: HTTPError
    ! JetBrains-Research/authorship-detection.: HTTPError
    ! johnmyleswhite/BanditsBook.: HTTPError
  [560/769] profiled 531
    ! rutgers-apl/cgo23-: HTTPError
    ! feTruth/FeatureEnvyTruth: HTTPError
  [600/769] profiled 569
  [620/769] profiled 589
  [640/769] profiled 609
  [660/769] profiled 629
  [680/769] profiled 649
    ! unknown123489/Scale-MIA.: HTTPError
  [700/769] profiled 668
    ! maojcn/project_duckies: HTTPError
  [720/769] profiled 686
    ! DescartesResearch/fs-for-renewable-energy-prediction: HTTPError
  [740/769] profiled 705
    ! tommymcm/memoir-ade-cgo26-artifact: HTTPError
    ! Lochindaal/KANT-ReplicationPackage: HTTPError
  [760/769] profiled 723

====================================================================
PREVALENCE OF BROKEN README CLAIMS IN RESEARCH ARTIFACTS
====================================================================
  artifacts profiled                 : 732
  with checkable path claims         : 629
  WITH >=1 BROKEN CLAIM              : 401 (63.8%)
  total claims checked               : 6687
  total broken                       : 1459 (21.8%)
  median broken-claim ratio          : 0.143

  Infrastructure present:
    dependency manifest       409/732  (56%)
    container definition      209/732  (29%)
    CI configuration          258/732  (35%)
    tests                     208/732  (28%)
    licence                   618/732  (84%)

  READMEs disclosing an ACM tier      : 36/732 (5%)
  (any badge-like text redacted      : 354/732 - mostly ordinary CI/coverage badges, not tier disclosure)

  DECAY HYPOTHESIS (do older artifacts have more broken claims?)
    age bucket            n   median   broken ratio  % with a break
    under 3 months      328       2d          0.256            66%
    3-12 months          84     199d          0.232            61%
    1-2 years            44     624d          0.310            68%
    over 2 years        173    1423d          0.251            59%
    -> broken-claim ratio is FLAT with age (delta -0.005 across buckets)
       NO age effect. The defect is present from
       publication rather than acquired over time - so it
       is not explained by dependency drift, and a reviewer
       could have caught it on day one.
====================================================================
-> results/prevalence.json
