discovered artifacts: 769
  [40/769] profiled 38
    ! cesar-andress/caliper.: HTTPError
    ! Jannis-David/h-MRIP-hybrid-nsga2: HTTPError
    ! phheim/issy.: HTTPError
    ! columbia/bigbird.: HTTPError
  [80/769] profiled 74
    ! cinthyaleonor/bg-ada-zen: HTTPError
  [100/769] profiled 92
  [120/769] profiled 112
  [140/769] profiled 130
    ! WRainTGS/AEHDO-DSC-For-Telescope-Pointing: HTTPError
  [160/769] profiled 149
    ! cucapra/calyx-resource-eval.: HTTPError
  [180/769] profiled 167
    ! CathrinePaulsen/marco-repro: HTTPError
    ! dgalan7/minif.: HTTPError
  [200/769] profiled 185
    ! gonzalohernandez/nocq.: HTTPError
  [220/769] profiled 204
  [240/769] profiled 224
    ! user-attachments/assets: HTTPError
  [260/769] profiled 243
  [280/769] profiled 263
  [300/769] profiled 283
  [320/769] profiled 303
  [360/769] profiled 342
    ! genijalac11/CRYSTAL23-scripts-collection: HTTPError
    ! apps/renovate: HTTPError
    ! Tanvir-Mahmud-Mahim/Process-induced-compressive-strain-with-a-van-der-Waals-ferroelectric-gate-in-a-single-device.: HTTPError
  [400/769] profiled 378
    ! mathandley/POPL-20-ARTIFACT: HTTPError
  [460/769] profiled 436
  [480/769] profiled 456
  [500/769] profiled 474
  [520/769] profiled 494
Traceback (most recent call last):
  File "<frozen runpy>", line 198, in _run_module_as_main
  File "<frozen runpy>", line 88, in _run_code
  File "/Users/adarsh/Desktop/Projects/micro1. Frontier Engineering Challenge 2026/src/artifact_triage/eval/prevalence.py", line 242, in <module>
    main()
  File "/Users/adarsh/Desktop/Projects/micro1. Frontier Engineering Challenge 2026/src/artifact_triage/eval/prevalence.py", line 95, in main
    fx = profile(item["repo"])
         ^^^^^^^^^^^^^^^^^^^^^
  File "/Users/adarsh/Desktop/Projects/micro1. Frontier Engineering Challenge 2026/src/artifact_triage/eval/prevalence.py", line 73, in profile
    cached.write_text(json.dumps(fx))
  File "/opt/homebrew/Cellar/python@3.11/3.11.15/Frameworks/Python.framework/Versions/3.11/lib/python3.11/pathlib.py", line 1078, in write_text
    with self.open(mode='w', encoding=encoding, errors=errors, newline=newline) as f:
         ^^^^^^^^^^^^^^^^^^^^^^^^^^^^^^^^^^^^^^^^^^^^^^^^^^^^^^^^^^^^^^^^^^^^^^
  File "/opt/homebrew/Cellar/python@3.11/3.11.15/Frameworks/Python.framework/Versions/3.11/lib/python3.11/pathlib.py", line 1044, in open
    return io.open(self, mode, buffering, encoding, errors, newline)
           ^^^^^^^^^^^^^^^^^^^^^^^^^^^^^^^^^^^^^^^^^^^^^^^^^^^^^^^^^
FileNotFoundError: [Errno 2] No such file or directory: 'data/cache/prevalence/facebookresearch__CompilerGym.json'
